m4_ubuntu_fcu:
  - k8s-kubectl:
      make_master: True
      master:
        user: root
        interface: 0.0.0.0
        auto_accept: True
        fileserver_backend:
          - git
        gitfs_remotes:
          - https://github.com/fredoo404/salt.git
        ext_pillar:
          - git: master:base https://github.com/fredoo404/salt.git root=pillar
      grains: 
        roles: k8s-cli
  - k8s-controllers-0:
      minion:
        log_level: debug
      grains:
        roles: controllers
  - k8s-controllers-1:
      minion:
        log_level: debug
      grains:
        roles: controllers
  - k8s-controllers-2:
      minion:
        log_level: debug
      grains:
        roles: controllers
  - k8s-worker-0:
      minion:
        log_level: debug
      grains:
        roles: workers
        pod-cidr: 10.200.0.0/24
  - k8s-worker-1:
      minion:
        log_level: debug
      grains:
        roles: workers
        pod-cidr: 10.200.1.0/24
  - k8s-worker-2:
      minion:
        log_level: debug
      grains:
        roles: workers
        pod-cidr: 10.200.2.0/24
  - k8s-load-balancer:
      minion:
        log_level: debug
      grains:
        roles: lb