m4_ubuntu_fcu:
  - kubectl:
      make_master: True
      master:
        user: root
        interface: 0.0.0.0
        auto_accept: True
        fileserver_backend:
          - git
        gitfs_remotes:
          - https://github.com/fredoo404/salt.git
        ext_pillar:
          - git: master:base https://github.com/fredoo404/salt.git root=pillar
      grains: 
        roles: k8s-cli
  - controllers-0:
      minion:
        log_level: debug
      grains:
        roles: controllers
  - controllers-1:
      minion:
        log_level: debug
      grains:
        roles: controllers
  - controllers-2:
      minion:
        log_level: debug
      grains:
        roles: controllers
  - worker-0:
      minion:
        log_level: debug
      grains:
        roles: workers
  - worker-1:
      minion:
        log_level: debug
      grains:
        roles: workers
  - worker-2:
      minion:
        log_level: debug
      grains:
        roles: workers
  - load-balancer:
      minion:
        log_level: debug
      grains:
        roles: lb